[dashboardpack.com/live-demo-preview/index6802.html]
[backblue.gif]
[fade.gif]
[index.html]
[dashboardpack.com/wp-content/themes/dashboardpack/assets/images/favicon.ico]
[dashboardpack.com/wp-content/themes/dashboardpack/assets/images/apple-touch-icon.png]
[www.google-analytics.com/analytics.js]
[dashboardpack.com/live-demo-preview/index.html]
[dashboardpack.com/wp-includes/css/dist/block-library/style.min.css]
[dashboardpack.com/wp-content/plugins/woocommerce/packages/woocommerce-blocks/build/style.css]
[dashboardpack.com/wp-content/plugins/woocommerce/assets/css/select2.css]
[dashboardpack.com/feed/index.html]
[dashboardpack.com/comments/feed/index.html]
[dashboardpack.com/wp-content/plugins/yith-woocommerce-affiliates/assets/css/yith-wcaf.css]
[dashboardpack.com/wp-content/plugins/contact-form-7/includes/css/styles.css]
[dashboardpack.com/wp-content/themes/dashboardpack/style.css]
[dashboardpack.com/wp-content/plugins/woocommerce-gateway-paypal-powered-by-braintree/lib/skyverge/woocommerce/payment-gateway/assets/css/frontend/sv-wc-payment-gateway-payment-form.min.css]
[dashboardpack.com/wp-content/plugins/woocommerce-gateway-paypal-powered-by-braintree/lib/skyverge/woocommerce/payment-gateway/assets/css/frontend/sv-wc-payment-gateway-apple-pay.css]
[dashboardpack.com/wp-content/plugins/google-analytics-premium/assets/js/frontend.min.js]
[dashboardpack.com/wp-includes/js/jquery/jquery.js]
[dashboardpack.com/wp-includes/js/jquery/jquery-migrate.min.js]
[cdnjs.cloudflare.com/ajax/libs/popper.js/1.14.6/umd/popper.min.js]
[dashboardpack.com/wp-includes/js/jquery/ui/core.min.js]
[dashboardpack.com/wp-json/index.html]
[dashboardpack.com/wp-includes/js/jquery/ui/datepicker.min.js]
[dashboardpack.com/wp-content/plugins/woocommerce/assets/js/selectWoo/selectWoo.full.min.js]
[dashboardpack.com/wp-content/plugins/woocommerce/assets/js/frontend/country-select.min.js]
[dashboardpack.com/wp-content/plugins/yith-woocommerce-affiliates/assets/js/yith-wcaf.min.js]
[dashboardpack.com/wp-content/plugins/contact-form-7/includes/js/scripts.js]
[dashboardpack.com/wp-content/plugins/woocommerce/assets/js/jquery-blockui/jquery.blockUI.min.js]
[dashboardpack.com/wp-content/plugins/woocommerce/assets/js/js-cookie/js.cookie.min.js]
[dashboardpack.com/wp-content/plugins/woocommerce/assets/js/frontend/woocommerce.min.js]
[dashboardpack.com/wp-content/plugins/woocommerce/assets/js/frontend/cart-fragments.min.js]
[dashboardpack.com/wp-content/themes/dashboardpack/assets/js/main.min.js]
[dashboardpack.com/wp-content/plugins/jilt-for-woocommerce/assets/js/frontend/wc-jilt-subscribe-form.min.js]
[js.jilt.com/storefront/v1/jilt.js]
[dashboardpack.com/wp-content/plugins/woocommerce/assets/js/jquery-payment/jquery.payment.min.js]
[dashboardpack.com/wp-content/plugins/woocommerce-gateway-paypal-powered-by-braintree/lib/skyverge/woocommerce/payment-gateway/assets/js/frontend/sv-wc-payment-gateway-payment-form.min.js]
[dashboardpack.com/wp-content/plugins/woocommerce-gateway-paypal-powered-by-braintree/lib/skyverge/woocommerce/payment-gateway/assets/js/frontend/sv-wc-payment-gateway-apple-pay.min.js]
[js.braintreegateway.com/web/3.48.0/js/client.min.js]
[js.braintreegateway.com/web/3.48.0/js/apple-pay.min.js]
[dashboardpack.com/live-demo-preview/index6802.html]
[dashboardpack.com/wp-content/plugins/woocommerce-gateway-paypal-powered-by-braintree/assets/js/frontend/wc-braintree-apple-pay.min.js]
[dashboardpack.com/live-demo-preview/index.html]
[dashboardpack.com/wp-content/plugins/wp-rocket/assets/js/lazyload/12.0/lazyload.min.js]
[cdnjs.cloudflare.com/index.html]
[dashboardpack.com/live-demo-preview/index930e.html]
[js.jilt.com/index.html]
[js.braintreegateway.com/index.html]
[dashboardpack.com/live-demo-preview/index930e.html]
[dashboardpack.com/feed/index.html]
[dashboardpack.com/comments/feed/index.html]
[dashboardpack.com/wp-includes/css/dist/block-library/style.min.css]
[dashboardpack.com/wp-includes/js/jquery/jquery.js]
[dashboardpack.com/wp-content/plugins/woocommerce/packages/woocommerce-blocks/build/style.css]
[cdnjs.cloudflare.com/ajax/libs/popper.js/1.14.6/umd/popper.min.js]
[dashboardpack.com/wp-content/plugins/woocommerce/assets/css/select2.css]
[dashboardpack.com/wp-json/index.html]
[dashboardpack.com/wp-content/plugins/yith-woocommerce-affiliates/assets/css/yith-wcaf.css]
[dashboardpack.com/wp-content/plugins/google-analytics-premium/assets/js/frontend.min.js]
[dashboardpack.com/wp-includes/js/jquery/jquery-migrate.min.js]
[dashboardpack.com/wp-includes/js/jquery/ui/core.min.js]
[dashboardpack.com/wp-includes/js/jquery/ui/datepicker.min.js]
[dashboardpack.com/wp-content/plugins/contact-form-7/images/ajax-loader.gif]
[dashboardpack.com/wp-content/plugins/contact-form-7/includes/css/styles.css]
[dashboardpack.com/wp-content/plugins/woocommerce/assets/js/selectWoo/selectWoo.full.min.js]
[dashboardpack.com/wp-content/plugins/yith-woocommerce-affiliates/assets/js/yith-wcaf.min.js]
[dashboardpack.com/wp-content/plugins/woocommerce/assets/js/frontend/country-select.min.js]
[dashboardpack.com/wp-content/plugins/contact-form-7/includes/js/scripts.js]
[dashboardpack.com/wp-content/plugins/woocommerce/assets/js/jquery-blockui/jquery.blockUI.min.js]
[dashboardpack.com/wp-content/themes/dashboardpack/assets/styles/build/fonts/sarabun-300-normal-latin.woff2]
[dashboardpack.com/wp-content/plugins/woocommerce/assets/js/js-cookie/js.cookie.min.js]
[dashboardpack.com/wp-content/plugins/woocommerce/assets/js/frontend/woocommerce.min.js]
[js.jilt.com/storefront/v1/jilt.js]
[dashboardpack.com/wp-content/plugins/jilt-for-woocommerce/assets/js/frontend/wc-jilt-subscribe-form.min.js]
[dashboardpack.com/wp-content/plugins/woocommerce/assets/js/frontend/cart-fragments.min.js]
[dashboardpack.com/wp-content/themes/dashboardpack/assets/js/main.min.js]
[dashboardpack.com/wp-content/themes/dashboardpack/assets/styles/build/fonts/fontello08e1.eot]
[dashboardpack.com/wp-content/plugins/woocommerce/assets/js/jquery-payment/jquery.payment.min.js]
[dashboardpack.com/wp-content/plugins/woocommerce-gateway-paypal-powered-by-braintree/lib/skyverge/woocommerce/payment-gateway/assets/js/frontend/sv-wc-payment-gateway-payment-form.min.js]
[dashboardpack.com/wp-content/plugins/woocommerce-gateway-paypal-powered-by-braintree/lib/skyverge/woocommerce/payment-gateway/assets/js/frontend/sv-wc-payment-gateway-apple-pay.min.js]
[dashboardpack.com/wp-content/themes/dashboardpack/assets/styles/build/fonts/fontello08e1.woff2]
[dashboardpack.com/wp-content/plugins/woocommerce-gateway-paypal-powered-by-braintree/assets/js/frontend/wc-braintree-apple-pay.min.js]
[dashboardpack.com/wp-content/plugins/wp-rocket/assets/js/lazyload/12.0/lazyload.min.js]
[dashboardpack.com/wp-content/themes/dashboardpack/assets/styles/build/fonts/fontello08e1.woff]
[dashboardpack.com/wp-content/themes/dashboardpack/assets/styles/build/fonts/fontello08e1.ttf]
[dashboardpack.com/wp-content/themes/dashboardpack/assets/styles/build/fonts/fontello08e1.svg]
[dashboardpack.com/wp-content/themes/dashboardpack/images/section-bg.jpg]
[dashboardpack.com/wp-content/themes/dashboardpack/images/section-bg-free.jpg]
[dashboardpack.com/wp-content/themes/dashboardpack/images/section-bg.jpg]
[dashboardpack.com/wp-content/themes/dashboardpack/images/section-bg-premium.jpg]
[dashboardpack.com/wp-content/themes/dashboardpack/images/section-bg-reactjs.jpg]
[dashboardpack.com/wp-content/themes/dashboardpack/images/section-bg-vue.jpg]
[dashboardpack.com/wp-content/themes/dashboardpack/images/section-bg-angular.jpg]
[dashboardpack.com/wp-content/themes/dashboardpack/images/tags/react.png]
[dashboardpack.com/wp-content/themes/dashboardpack/images/tags/vue.png]
[dashboardpack.com/wp-content/themes/dashboardpack/images/tags/angular.png]
[dashboardpack.com/wp-content/themes/dashboardpack/images/tags/html.png]
[dashboardpack.com/wp-content/themes/dashboardpack/images/tags/bootstrap.png]
[dashboardpack.com/wp-content/themes/dashboardpack/images/tags/sass.png]
[dashboardpack.com/wp-content/themes/dashboardpack/images/tags/html.png]
[dashboardpack.com/wp-content/themes/dashboardpack/images/tags/bootstrap.png]
[dashboardpack.com/wp-content/themes/dashboardpack/images/tags/react-lg.png]
[dashboardpack.com/wp-content/themes/dashboardpack/images/tags/vue-lg.png]
[dashboardpack.com/wp-content/themes/dashboardpack/images/tags/angular-lg.png]
[dashboardpack.com/wp-content/themes/dashboardpack/images/tags/html-lg.png]
[dashboardpack.com/wp-content/themes/dashboardpack/images/tags/vue-lg.png]
[dashboardpack.com/wp-content/themes/dashboardpack/images/tags/angular-lg.png]
[dashboardpack.com/wp-content/themes/dashboardpack/images/tags/bootstrap-lg.png]
[dashboardpack.com/wp-content/themes/dashboardpack/images/tags/sass-lg.png]
[dashboardpack.com/wp-content/themes/dashboardpack/style.css]
[dashboardpack.com/wp-content/plugins/woocommerce-gateway-paypal-powered-by-braintree/lib/skyverge/woocommerce/payment-gateway/assets/images/card-cc-plain.svg]
[dashboardpack.com/wp-content/plugins/woocommerce-gateway-paypal-powered-by-braintree/lib/skyverge/woocommerce/payment-gateway/assets/images/card-visa.svg]
[dashboardpack.com/wp-content/plugins/woocommerce-gateway-paypal-powered-by-braintree/lib/skyverge/woocommerce/payment-gateway/assets/images/card-mastercard.svg]
[dashboardpack.com/wp-content/plugins/woocommerce-gateway-paypal-powered-by-braintree/lib/skyverge/woocommerce/payment-gateway/assets/images/card-dinersclub.svg]
[dashboardpack.com/wp-content/plugins/woocommerce-gateway-paypal-powered-by-braintree/lib/skyverge/woocommerce/payment-gateway/assets/images/card-maestro.svg]
[dashboardpack.com/wp-content/plugins/woocommerce-gateway-paypal-powered-by-braintree/lib/skyverge/woocommerce/payment-gateway/assets/images/card-jcb.svg]
[dashboardpack.com/wp-content/plugins/woocommerce-gateway-paypal-powered-by-braintree/lib/skyverge/woocommerce/payment-gateway/assets/images/card-amex.svg]
[dashboardpack.com/wp-content/plugins/woocommerce-gateway-paypal-powered-by-braintree/lib/skyverge/woocommerce/payment-gateway/assets/images/card-discover.svg]
[dashboardpack.com/wp-content/plugins/woocommerce-gateway-paypal-powered-by-braintree/lib/skyverge/woocommerce/payment-gateway/assets/images/card-visa-electron.svg]
[dashboardpack.com/wp-content/plugins/woocommerce-gateway-paypal-powered-by-braintree/lib/skyverge/woocommerce/payment-gateway/assets/css/frontend/sv-wc-payment-gateway-payment-form.min.css]
[dashboardpack.com/wp-content/plugins/woocommerce-gateway-paypal-powered-by-braintree/lib/skyverge/woocommerce/payment-gateway/assets/css/frontend/sv-wc-payment-gateway-apple-pay.css]
[dashboardpack.com/wp-content/plugins/woocommerce-gateway-paypal-powered-by-braintree/lib/skyverge/woocommerce/payment-gateway/assets/images/card-cc-invalid.svg]
[dashboardpack.com/live-demo-preview/index930e.html]
[dashboardpack.com/wp-content/themes/dashboardpack/ajax-loader.html]
[dashboardpack.com/wp-content/themes/dashboardpack/assets/styles/build/fonts/fontello08e1.svg]
[dashboardpack.com/wp-content/plugins/woocommerce-gateway-paypal-powered-by-braintree/lib/skyverge/woocommerce/payment-gateway/assets/images/card-cc-plain.svg]
[dashboardpack.com/wp-content/plugins/woocommerce-gateway-paypal-powered-by-braintree/lib/skyverge/woocommerce/payment-gateway/assets/images/card-visa.svg]
[dashboardpack.com/wp-content/plugins/woocommerce-gateway-paypal-powered-by-braintree/lib/skyverge/woocommerce/payment-gateway/assets/images/card-mastercard.svg]
[dashboardpack.com/wp-content/plugins/woocommerce-gateway-paypal-powered-by-braintree/lib/skyverge/woocommerce/payment-gateway/assets/images/card-dinersclub.svg]
[dashboardpack.com/wp-content/plugins/woocommerce-gateway-paypal-powered-by-braintree/lib/skyverge/woocommerce/payment-gateway/assets/images/card-maestro.svg]
[dashboardpack.com/wp-content/plugins/woocommerce-gateway-paypal-powered-by-braintree/lib/skyverge/woocommerce/payment-gateway/assets/images/card-jcb.svg]
[dashboardpack.com/wp-content/plugins/woocommerce-gateway-paypal-powered-by-braintree/lib/skyverge/woocommerce/payment-gateway/assets/images/card-amex.svg]
[dashboardpack.com/wp-content/plugins/woocommerce-gateway-paypal-powered-by-braintree/lib/skyverge/woocommerce/payment-gateway/assets/images/card-discover.svg]
[dashboardpack.com/wp-content/plugins/woocommerce-gateway-paypal-powered-by-braintree/lib/skyverge/woocommerce/payment-gateway/assets/images/card-visa-electron.svg]
[dashboardpack.com/wp-content/plugins/woocommerce-gateway-paypal-powered-by-braintree/lib/skyverge/woocommerce/payment-gateway/assets/images/card-cc-invalid.svg]
