[www.cetaceanstechlab.com/theme/chatriq/index.html]
[backblue.gif]
[fade.gif]
[index.html]
[www.cetaceanstechlab.com/theme/chatriq/assets/fonts/MaterialDesign/css/materialdesignicons.min.css]
[www.cetaceanstechlab.com/theme/chatriq/assets/vendors/image-compare/jquery.beforeafter.min.css]
[www.cetaceanstechlab.com/theme/chatriq/assets/vendors/bootstrap/bootstrap.min.css]
[www.cetaceanstechlab.com/theme/chatriq/dist/css/app.css]
[www.cetaceanstechlab.com/theme/chatriq/index-2.html]
[www.cetaceanstechlab.com/theme/chatriq/documentation.html]
[www.cetaceanstechlab.com/theme/chatriq/assets/images/hero-image.png]
[www.cetaceanstechlab.com/theme/chatriq/chatriq/default/index.html]
[www.cetaceanstechlab.com/theme/chatriq/assets/images/demos/light-mode.jpg]
[www.cetaceanstechlab.com/theme/chatriq/chatriq/dark/index.html]
[www.cetaceanstechlab.com/theme/chatriq/assets/images/demos/dark-mode.jpg]
[www.cetaceanstechlab.com/theme/chatriq/chatriq/default-rtl/index.html]
[www.cetaceanstechlab.com/theme/chatriq/assets/images/demos/light-rtl-mode.jpg]
[www.cetaceanstechlab.com/theme/chatriq/chatriq/dark-rtl/index.html]
[www.cetaceanstechlab.com/theme/chatriq/assets/images/demos/dark-rtl-mode.jpg]
[www.cetaceanstechlab.com/theme/chatriq/assets/images/rtl.png]
[www.cetaceanstechlab.com/theme/chatriq/assets/images/demos/light-mode-large.jpg]
[www.cetaceanstechlab.com/theme/chatriq/assets/vendors/image-compare/jquery.beforeafter.min.js]
[www.cetaceanstechlab.com/theme/chatriq/index.html]
[www.cetaceanstechlab.com/theme/chatriq/assets/vendors/jquery/jquery-3.4.1.min.js]
[www.cetaceanstechlab.com/theme/chatriq/assets/vendors/bootstrap/bootstrap.bundle.min.js]
[fonts.googleapis.com/cssdcec.css]
[www.cetaceanstechlab.com/theme/chatriq/index-2.html]
[www.cetaceanstechlab.com/theme/chatriq/documentation.html]
[www.cetaceanstechlab.com/theme/chatriq/chatriq/default/assets/images/favicon.ico]
[cdn.materialdesignicons.com/4.5.95/css/materialdesignicons.min.css]
[www.cetaceanstechlab.com/theme/chatriq/chatriq/default/assets/vendors/perfect-scrollbar/perfect-scrollbar.css]
[www.cetaceanstechlab.com/theme/chatriq/chatriq/default/dist/css/app.min.css]
[www.cetaceanstechlab.com/theme/chatriq/chatriq/default/dist/css/theme/default-theme.min.css]
[www.cetaceanstechlab.com/theme/chatriq/chatriq/default/calls.html]
[www.cetaceanstechlab.com/theme/chatriq/chatriq/default/contacts.html]
[www.cetaceanstechlab.com/theme/chatriq/chatriq/default/todo.html]
[www.cetaceanstechlab.com/theme/chatriq/chatriq/default/help.html]
[www.cetaceanstechlab.com/theme/chatriq/chatriq/default/assets/images/user/150/01.jpg]
[www.cetaceanstechlab.com/theme/chatriq/chatriq/default/assets/images/media/01.jpg]
[www.cetaceanstechlab.com/theme/chatriq/chatriq/default/assets/images/media/02.jpg]
[www.cetaceanstechlab.com/theme/chatriq/chatriq/default/assets/images/media/03.png]
[www.cetaceanstechlab.com/theme/chatriq/chatriq/default/assets/images/media/04.jpg]
[www.cetaceanstechlab.com/theme/chatriq/chatriq/default/assets/images/media/05.jpg]
[www.cetaceanstechlab.com/theme/chatriq/chatriq/default/assets/images/media/06.jpg]
[www.cetaceanstechlab.com/theme/chatriq/chatriq/default/assets/images/media/07.jpg]
[www.cetaceanstechlab.com/theme/chatriq/chatriq/default/assets/images/media/call-01.jpg]
[www.cetaceanstechlab.com/theme/chatriq/chatriq/default/assets/images/user/80/01.jpg]
[code.jquery.com/jquery-3.3.1.slim.min.js]
[cdnjs.cloudflare.com/ajax/libs/popper.js/1.14.7/umd/popper.min.js]
[stackpath.bootstrapcdn.com/bootstrap/4.3.1/js/bootstrap.min.js]
[www.cetaceanstechlab.com/theme/chatriq/chatriq/default/assets/vendors/bootstrap/bootstrap.bundle.min.js]
[www.cetaceanstechlab.com/theme/chatriq/chatriq/default/assets/vendors/perfect-scrollbar/perfect-scrollbar.min.js]
[www.cetaceanstechlab.com/theme/chatriq/chatriq/default/assets/vendors/material-floating-button/dist/mfb.min.js]
[www.cetaceanstechlab.com/theme/chatriq/chatriq/default/dist/js/main.min.js]
[www.cetaceanstechlab.com/theme/chatriq/chatriq/default/index.html]
[www.cetaceanstechlab.com/theme/chatriq/chatriq/dark/assets/images/favicon.ico]
[www.cetaceanstechlab.com/theme/chatriq/chatriq/dark/assets/vendors/perfect-scrollbar/perfect-scrollbar.css]
[www.cetaceanstechlab.com/theme/chatriq/chatriq/dark/dist/css/app.min.css]
[www.cetaceanstechlab.com/theme/chatriq/chatriq/dark/dist/css/theme/default-dark-theme.min.css]
[www.cetaceanstechlab.com/theme/chatriq/chatriq/dark/calls.html]
[www.cetaceanstechlab.com/theme/chatriq/chatriq/dark/contacts.html]
[www.cetaceanstechlab.com/theme/chatriq/chatriq/dark/todo.html]
[www.cetaceanstechlab.com/theme/chatriq/chatriq/dark/help.html]
[www.cetaceanstechlab.com/theme/chatriq/chatriq/dark/assets/images/user/150/01.jpg]
[www.cetaceanstechlab.com/theme/chatriq/chatriq/dark/assets/images/media/01.jpg]
[www.cetaceanstechlab.com/theme/chatriq/chatriq/dark/assets/images/media/02.jpg]
[www.cetaceanstechlab.com/theme/chatriq/chatriq/dark/assets/images/media/03.png]
[www.cetaceanstechlab.com/theme/chatriq/chatriq/dark/assets/images/media/04.jpg]
[www.cetaceanstechlab.com/theme/chatriq/chatriq/dark/assets/images/media/05.jpg]
[www.cetaceanstechlab.com/theme/chatriq/chatriq/dark/assets/images/media/06.jpg]
[www.cetaceanstechlab.com/theme/chatriq/chatriq/dark/assets/images/media/07.jpg]
[www.cetaceanstechlab.com/theme/chatriq/chatriq/dark/assets/images/media/call-01.jpg]
[www.cetaceanstechlab.com/theme/chatriq/chatriq/dark/assets/images/user/80/01.jpg]
[www.cetaceanstechlab.com/theme/chatriq/chatriq/dark/assets/vendors/perfect-scrollbar/perfect-scrollbar.min.js]
[www.cetaceanstechlab.com/theme/chatriq/chatriq/dark/assets/vendors/material-floating-button/dist/mfb.min.js]
[www.cetaceanstechlab.com/theme/chatriq/chatriq/dark/assets/vendors/bootstrap/bootstrap.bundle.min.js]
[www.cetaceanstechlab.com/theme/chatriq/chatriq/dark/index.html]
[www.cetaceanstechlab.com/theme/chatriq/chatriq/dark/dist/js/main.min.js]
[www.cetaceanstechlab.com/theme/chatriq/chatriq/default-rtl/assets/images/favicon.ico]
[www.cetaceanstechlab.com/theme/chatriq/chatriq/default-rtl/assets/vendors/perfect-scrollbar/perfect-scrollbar.css]
[www.cetaceanstechlab.com/theme/chatriq/chatriq/default-rtl/dist/css/app.min.css]
[www.cetaceanstechlab.com/theme/chatriq/chatriq/default-rtl/dist/css/theme/default-theme.min.css]
[www.cetaceanstechlab.com/theme/chatriq/chatriq/default-rtl/dist/css/rtl.min.css]
[www.cetaceanstechlab.com/theme/chatriq/chatriq/default-rtl/calls.html]
[www.cetaceanstechlab.com/theme/chatriq/chatriq/default-rtl/contacts.html]
[www.cetaceanstechlab.com/theme/chatriq/chatriq/default-rtl/todo.html]
[www.cetaceanstechlab.com/theme/chatriq/chatriq/default-rtl/help.html]
[www.cetaceanstechlab.com/theme/chatriq/chatriq/default-rtl/assets/images/user/150/01.jpg]
[www.cetaceanstechlab.com/theme/chatriq/chatriq/default-rtl/assets/images/media/01.jpg]
[www.cetaceanstechlab.com/theme/chatriq/chatriq/default-rtl/assets/images/media/02.jpg]
[www.cetaceanstechlab.com/theme/chatriq/chatriq/default-rtl/assets/images/media/03.png]
[www.cetaceanstechlab.com/theme/chatriq/chatriq/default-rtl/assets/images/media/04.jpg]
[www.cetaceanstechlab.com/theme/chatriq/chatriq/default-rtl/assets/images/media/05.jpg]
[www.cetaceanstechlab.com/theme/chatriq/chatriq/default-rtl/assets/images/media/06.jpg]
[www.cetaceanstechlab.com/theme/chatriq/chatriq/default-rtl/assets/images/media/07.jpg]
[www.cetaceanstechlab.com/theme/chatriq/chatriq/default-rtl/assets/images/media/call-01.jpg]
[www.cetaceanstechlab.com/theme/chatriq/chatriq/default-rtl/assets/images/user/80/01.jpg]
[www.cetaceanstechlab.com/theme/chatriq/chatriq/default-rtl/assets/vendors/perfect-scrollbar/perfect-scrollbar.min.js]
[www.cetaceanstechlab.com/theme/chatriq/chatriq/default-rtl/assets/vendors/material-floating-button/dist/mfb.min.js]
[www.cetaceanstechlab.com/theme/chatriq/chatriq/default-rtl/assets/vendors/bootstrap/bootstrap.bundle.min.js]
[www.cetaceanstechlab.com/theme/chatriq/chatriq/default-rtl/index.html]
[www.cetaceanstechlab.com/theme/chatriq/chatriq/default-rtl/dist/js/main.min.js]
[www.cetaceanstechlab.com/theme/chatriq/chatriq/dark-rtl/assets/images/favicon.ico]
[www.cetaceanstechlab.com/theme/chatriq/chatriq/dark-rtl/assets/vendors/perfect-scrollbar/perfect-scrollbar.css]
[www.cetaceanstechlab.com/theme/chatriq/chatriq/dark-rtl/dist/css/app.min.css]
[www.cetaceanstechlab.com/theme/chatriq/chatriq/dark-rtl/dist/css/theme/default-dark-theme.min.css]
[www.cetaceanstechlab.com/theme/chatriq/chatriq/dark-rtl/dist/css/rtl.min.css]
[www.cetaceanstechlab.com/theme/chatriq/chatriq/dark-rtl/calls.html]
[www.cetaceanstechlab.com/theme/chatriq/chatriq/dark-rtl/contacts.html]
[www.cetaceanstechlab.com/theme/chatriq/chatriq/dark-rtl/todo.html]
[www.cetaceanstechlab.com/theme/chatriq/chatriq/dark-rtl/help.html]
[www.cetaceanstechlab.com/theme/chatriq/chatriq/dark-rtl/assets/images/user/150/01.jpg]
[www.cetaceanstechlab.com/theme/chatriq/chatriq/dark-rtl/assets/images/media/01.jpg]
[www.cetaceanstechlab.com/theme/chatriq/chatriq/dark-rtl/assets/images/media/02.jpg]
[www.cetaceanstechlab.com/theme/chatriq/chatriq/dark-rtl/assets/images/media/03.png]
[www.cetaceanstechlab.com/theme/chatriq/chatriq/dark-rtl/assets/images/media/04.jpg]
[www.cetaceanstechlab.com/theme/chatriq/chatriq/dark-rtl/assets/images/media/05.jpg]
[www.cetaceanstechlab.com/theme/chatriq/chatriq/dark-rtl/assets/images/media/06.jpg]
[www.cetaceanstechlab.com/theme/chatriq/chatriq/dark-rtl/assets/images/media/07.jpg]
[www.cetaceanstechlab.com/theme/chatriq/chatriq/dark-rtl/assets/images/media/call-01.jpg]
[www.cetaceanstechlab.com/theme/chatriq/chatriq/dark-rtl/assets/images/user/80/01.jpg]
[www.cetaceanstechlab.com/theme/chatriq/chatriq/dark-rtl/assets/vendors/perfect-scrollbar/perfect-scrollbar.min.js]
[www.cetaceanstechlab.com/theme/chatriq/chatriq/dark-rtl/assets/vendors/material-floating-button/dist/mfb.min.js]
[www.cetaceanstechlab.com/theme/chatriq/chatriq/dark-rtl/assets/vendors/bootstrap/bootstrap.bundle.min.js]
[www.cetaceanstechlab.com/theme/chatriq/chatriq/dark-rtl/index.html]
[www.cetaceanstechlab.com/theme/chatriq/chatriq/dark-rtl/dist/js/main.min.js]
[www.cetaceanstechlab.com/theme/chatriq/chatriq/default/dist/css/app.css]
[www.cetaceanstechlab.com/theme/chatriq/chatriq/default/dist/css/theme/default-theme.css]
[www.cetaceanstechlab.com/theme/chatriq/chatriq/default/calls.html]
[www.cetaceanstechlab.com/theme/chatriq/chatriq/default/dist/js/main.js]
[www.cetaceanstechlab.com/theme/chatriq/chatriq/default/assets/images/media/08.jpg]
[www.cetaceanstechlab.com/theme/chatriq/chatriq/default/contacts.html]
[www.cetaceanstechlab.com/theme/chatriq/chatriq/default/assets/vendors/material-floating-button/dist/mfb.min.css]
[www.cetaceanstechlab.com/theme/chatriq/chatriq/default/todo.html]
[www.cetaceanstechlab.com/theme/chatriq/chatriq/default/help.html]
[www.cetaceanstechlab.com/theme/chatriq/chatriq/default/assets/vendors/shortable/sortable.min.js]
[www.cetaceanstechlab.com/theme/chatriq/chatriq/dark/dist/css/app.css]
[www.cetaceanstechlab.com/theme/chatriq/chatriq/dark/dist/css/theme/default-dark-theme.css]
[www.cetaceanstechlab.com/theme/chatriq/chatriq/dark/calls.html]
[www.cetaceanstechlab.com/theme/chatriq/chatriq/dark/dist/js/main.js]
[www.cetaceanstechlab.com/theme/chatriq/chatriq/dark/assets/images/media/08.jpg]
[www.cetaceanstechlab.com/theme/chatriq/chatriq/dark/contacts.html]
[www.cetaceanstechlab.com/theme/chatriq/chatriq/dark/assets/vendors/material-floating-button/dist/mfb.min.css]
[www.cetaceanstechlab.com/theme/chatriq/chatriq/dark/todo.html]
[www.cetaceanstechlab.com/theme/chatriq/chatriq/dark/help.html]
[www.cetaceanstechlab.com/theme/chatriq/chatriq/default-rtl/dist/css/app.css]
[www.cetaceanstechlab.com/theme/chatriq/chatriq/dark/assets/vendors/shortable/sortable.min.js]
[www.cetaceanstechlab.com/theme/chatriq/chatriq/default-rtl/dist/css/theme/default-theme.css]
[www.cetaceanstechlab.com/theme/chatriq/chatriq/default-rtl/calls.html]
[www.cetaceanstechlab.com/theme/chatriq/chatriq/default-rtl/dist/js/main.js]
[www.cetaceanstechlab.com/theme/chatriq/chatriq/default-rtl/assets/images/media/08.jpg]
[www.cetaceanstechlab.com/theme/chatriq/chatriq/default-rtl/contacts.html]
[www.cetaceanstechlab.com/theme/chatriq/chatriq/default-rtl/assets/vendors/material-floating-button/dist/mfb.min.css]
[www.cetaceanstechlab.com/theme/chatriq/chatriq/default-rtl/todo.html]
[www.cetaceanstechlab.com/theme/chatriq/chatriq/default-rtl/help.html]
[www.cetaceanstechlab.com/theme/chatriq/chatriq/dark-rtl/dist/css/app.css]
[www.cetaceanstechlab.com/theme/chatriq/chatriq/default-rtl/assets/vendors/shortable/sortable.min.js]
[www.cetaceanstechlab.com/theme/chatriq/chatriq/dark-rtl/dist/css/theme/default-dark-theme.css]
[www.cetaceanstechlab.com/theme/chatriq/chatriq/dark-rtl/calls.html]
[www.cetaceanstechlab.com/theme/chatriq/chatriq/dark-rtl/dist/js/main.js]
[www.cetaceanstechlab.com/theme/chatriq/chatriq/dark-rtl/assets/images/media/08.jpg]
[www.cetaceanstechlab.com/theme/chatriq/chatriq/dark-rtl/contacts.html]
[www.cetaceanstechlab.com/theme/chatriq/chatriq/dark-rtl/assets/vendors/material-floating-button/dist/mfb.min.css]
[www.cetaceanstechlab.com/theme/chatriq/chatriq/dark-rtl/todo.html]
[www.cetaceanstechlab.com/theme/chatriq/chatriq/dark-rtl/help.html]
[www.cetaceanstechlab.com/theme/chatriq/assets/images/hero-image.png]
[www.cetaceanstechlab.com/theme/chatriq/assets/images/demos/light-mode.jpg]
[www.cetaceanstechlab.com/favicon.html]
[www.cetaceanstechlab.com/theme/chatriq/chatriq/dark-rtl/assets/vendors/shortable/sortable.min.js]
[www.cetaceanstechlab.com/theme/chatriq/assets/images/demos/dark-mode.jpg]
[www.cetaceanstechlab.com/theme/chatriq/assets/images/demos/light-rtl-mode.jpg]
[www.cetaceanstechlab.com/theme/chatriq/assets/images/demos/dark-rtl-mode.jpg]
[www.cetaceanstechlab.com/theme/chatriq/assets/images/rtl.png]
[www.cetaceanstechlab.com/theme/chatriq/assets/fonts/MaterialDesign/fonts/materialdesignicons-webfont2f9b.eot]
[www.cetaceanstechlab.com/theme/chatriq/assets/images/demos/light-mode-large.jpg]
[www.cetaceanstechlab.com/theme/chatriq/assets/vendors/jquery/jquery-3.4.1.min.js]
[www.cetaceanstechlab.com/theme/chatriq/assets/vendors/bootstrap/bootstrap.bundle.min.js]
[www.cetaceanstechlab.com/theme/chatriq/assets/fonts/MaterialDesign/fonts/materialdesignicons-webfontd41d.eot]
[www.cetaceanstechlab.com/theme/chatriq/assets/vendors/image-compare/jquery.beforeafter.min.js]
[www.cetaceanstechlab.com/theme/chatriq/chatriq/default/assets/images/media/02.jpg]
[www.cetaceanstechlab.com/theme/chatriq/assets/fonts/MaterialDesign/fonts/materialdesignicons-webfont2f9b.woff2]
[www.cetaceanstechlab.com/theme/chatriq/chatriq/default/assets/images/media/03.png]
[www.cetaceanstechlab.com/theme/chatriq/assets/fonts/MaterialDesign/fonts/materialdesignicons-webfont2f9b.woff]
[www.cetaceanstechlab.com/theme/chatriq/assets/fonts/MaterialDesign/fonts/materialdesignicons-webfont2f9b.ttf]
[www.cetaceanstechlab.com/theme/chatriq/assets/fonts/MaterialDesign/css/materialdesignicons.min.css]
[www.cetaceanstechlab.com/theme/chatriq/chatriq/default/assets/images/media/04.jpg]
[www.cetaceanstechlab.com/theme/chatriq/assets/vendors/image-compare/jquery.beforeafter.min.css]
[www.cetaceanstechlab.com/theme/chatriq/chatriq/default/assets/images/media/05.jpg]
[www.cetaceanstechlab.com/theme/chatriq/assets/vendors/bootstrap/bootstrap.min.css]
[www.cetaceanstechlab.com/theme/chatriq/chatriq/default/assets/images/media/06.jpg]
[www.cetaceanstechlab.com/theme/chatriq/dist/css/app.css]
[www.cetaceanstechlab.com/theme/chatriq/chatriq/default/assets/images/media/07.jpg]
[www.cetaceanstechlab.com/theme/chatriq/assets/images/logo.svg]
[www.cetaceanstechlab.com/theme/chatriq/chatriq/default/assets/images/media/call-01.jpg]
[www.cetaceanstechlab.com/theme/chatriq/chatriq/default/assets/images/user/80/01.jpg]
[www.cetaceanstechlab.com/theme/chatriq/chatriq/default/index.html]
[cdnjs.cloudflare.com/ajax/libs/popper.js/1.14.7/umd/popper.min.js]
[www.cetaceanstechlab.com/theme/chatriq/chatriq/dark/index.html]
[www.cetaceanstechlab.com/theme/chatriq/chatriq/default/assets/vendors/bootstrap/bootstrap.bundle.min.js]
[www.cetaceanstechlab.com/theme/chatriq/chatriq/default/assets/vendors/perfect-scrollbar/perfect-scrollbar.min.js]
[www.cetaceanstechlab.com/theme/chatriq/chatriq/default-rtl/index.html]
[www.cetaceanstechlab.com/theme/chatriq/chatriq/dark/assets/images/media/02.jpg]
[www.cetaceanstechlab.com/theme/chatriq/chatriq/dark/assets/images/media/03.png]
[www.cetaceanstechlab.com/theme/chatriq/chatriq/dark-rtl/index.html]
[www.cetaceanstechlab.com/theme/chatriq/assets/images/svg/men.html]
[www.cetaceanstechlab.com/theme/chatriq/chatriq/dark/assets/images/media/04.jpg]
[www.cetaceanstechlab.com/theme/chatriq/assets/images/svg/women.html]
[www.cetaceanstechlab.com/theme/chatriq/chatriq/dark/assets/images/media/05.jpg]
[www.cetaceanstechlab.com/theme/chatriq/chatriq/dark/assets/images/media/06.jpg]
[cdn.materialdesignicons.com/4.5.95/css/materialdesignicons.min.css]
[www.cetaceanstechlab.com/theme/chatriq/chatriq/dark/assets/images/user/80/01.jpg]
[www.cetaceanstechlab.com/theme/chatriq/chatriq/dark/assets/images/media/07.jpg]
[www.cetaceanstechlab.com/theme/chatriq/chatriq/dark/assets/images/media/call-01.jpg]
[cdn.jsdelivr.net/npm/slick-carousel@1.8.1/slick/slick.html]
[www.cetaceanstechlab.com/theme/chatriq/chatriq/dark/assets/vendors/bootstrap/bootstrap.bundle.min.js]
[www.cetaceanstechlab.com/theme/chatriq/chatriq/dark/assets/vendors/perfect-scrollbar/perfect-scrollbar.min.js]
[www.cetaceanstechlab.com/theme/chatriq/chatriq/dark/assets/vendors/material-floating-button/dist/mfb.min.js]
[www.cetaceanstechlab.com/theme/chatriq/chatriq/default/assets/vendors/perfect-scrollbar/perfect-scrollbar.css]
[www.cetaceanstechlab.com/theme/chatriq/chatriq/default-rtl/assets/images/media/02.jpg]
[www.cetaceanstechlab.com/theme/chatriq/chatriq/default-rtl/assets/images/media/03.png]
[www.cetaceanstechlab.com/theme/chatriq/chatriq/dark/dist/js/main.min.js]
[www.cetaceanstechlab.com/theme/chatriq/chatriq/default-rtl/assets/images/media/04.jpg]
[www.cetaceanstechlab.com/theme/chatriq/chatriq/default-rtl/assets/images/media/05.jpg]
[www.cetaceanstechlab.com/theme/chatriq/chatriq/default-rtl/assets/images/media/06.jpg]
[www.cetaceanstechlab.com/theme/chatriq/chatriq/default-rtl/assets/images/media/07.jpg]
[www.cetaceanstechlab.com/theme/chatriq/chatriq/default/assets/images/user/50/spritesheet.png]
[www.cetaceanstechlab.com/theme/chatriq/chatriq/default-rtl/assets/images/media/call-01.jpg]
[www.cetaceanstechlab.com/theme/chatriq/chatriq/default-rtl/assets/images/user/80/01.jpg]
[www.cetaceanstechlab.com/theme/chatriq/chatriq/default/dist/css/app.min.css]
[www.cetaceanstechlab.com/theme/chatriq/chatriq/default-rtl/assets/vendors/bootstrap/bootstrap.bundle.min.js]
[www.cetaceanstechlab.com/theme/chatriq/chatriq/default-rtl/assets/vendors/perfect-scrollbar/perfect-scrollbar.min.js]
[www.cetaceanstechlab.com/theme/chatriq/chatriq/default/dist/css/theme/default-theme.min.css]
[www.cetaceanstechlab.com/theme/chatriq/chatriq/default-rtl/assets/vendors/material-floating-button/dist/mfb.min.js]
[www.cetaceanstechlab.com/theme/chatriq/chatriq/default-rtl/dist/js/main.min.js]
[www.cetaceanstechlab.com/theme/chatriq/chatriq/default/assets/images/logo.svg]
[www.cetaceanstechlab.com/theme/chatriq/chatriq/dark-rtl/assets/images/favicon.ico]
[www.cetaceanstechlab.com/theme/chatriq/chatriq/dark-rtl/assets/images/media/02.jpg]
[www.cetaceanstechlab.com/theme/chatriq/chatriq/dark-rtl/assets/images/media/04.jpg]
[www.cetaceanstechlab.com/theme/chatriq/chatriq/dark-rtl/assets/images/media/03.png]
[www.cetaceanstechlab.com/theme/chatriq/chatriq/dark-rtl/assets/images/media/05.jpg]
[www.cetaceanstechlab.com/theme/chatriq/chatriq/dark-rtl/assets/images/media/06.jpg]
[www.cetaceanstechlab.com/theme/chatriq/chatriq/dark-rtl/assets/images/media/07.jpg]
[www.cetaceanstechlab.com/theme/chatriq/chatriq/dark-rtl/assets/images/media/call-01.jpg]
[cdn.jsdelivr.net/npm/slick-carousel@1.8.1/slick/slick.min.html]
[www.cetaceanstechlab.com/theme/chatriq/chatriq/dark-rtl/assets/images/user/80/01.jpg]
[www.cetaceanstechlab.com/theme/chatriq/chatriq/dark-rtl/assets/vendors/bootstrap/bootstrap.bundle.min.js]
[www.cetaceanstechlab.com/theme/chatriq/chatriq/dark-rtl/assets/vendors/perfect-scrollbar/perfect-scrollbar.min.js]
[www.cetaceanstechlab.com/theme/chatriq/chatriq/dark-rtl/assets/vendors/material-floating-button/dist/mfb.min.js]
[www.cetaceanstechlab.com/theme/chatriq/chatriq/dark-rtl/dist/js/main.min.js]
[www.cetaceanstechlab.com/theme/chatriq/chatriq/default/dist/js/main.js]
[www.cetaceanstechlab.com/theme/chatriq/chatriq/default/assets/images/media/08.jpg]
[cdn.jsdelivr.net/npm/slick-carousel@1.8.1/slick/slick.css]
[www.cetaceanstechlab.com/theme/chatriq/chatriq/default/assets/vendors/shortable/sortable.min.js]
[www.cetaceanstechlab.com/theme/chatriq/chatriq/dark/dist/js/main.js]
[www.cetaceanstechlab.com/theme/chatriq/chatriq/dark/assets/vendors/perfect-scrollbar/perfect-scrollbar.css]
[www.cetaceanstechlab.com/theme/chatriq/chatriq/dark/assets/images/media/08.jpg]
[www.cetaceanstechlab.com/theme/chatriq/chatriq/dark/assets/vendors/shortable/sortable.min.js]
[www.cetaceanstechlab.com/theme/chatriq/chatriq/default-rtl/dist/js/main.js]
[www.cetaceanstechlab.com/theme/chatriq/chatriq/default-rtl/assets/images/media/08.jpg]
[www.cetaceanstechlab.com/theme/chatriq/chatriq/default-rtl/assets/vendors/shortable/sortable.min.js]
[www.cetaceanstechlab.com/theme/chatriq/chatriq/dark-rtl/assets/images/media/08.jpg]
[www.cetaceanstechlab.com/theme/chatriq/chatriq/dark/assets/images/user/50/spritesheet.png]
[www.cetaceanstechlab.com/theme/chatriq/chatriq/dark-rtl/dist/js/main.js]
[www.cetaceanstechlab.com/theme/chatriq/chatriq/dark/dist/css/app.min.css]
[www.cetaceanstechlab.com/theme/chatriq/assets/fonts/MaterialDesign/fonts/materialdesignicons-webfont2f9b.eot]
[www.cetaceanstechlab.com/theme/chatriq/assets/fonts/MaterialDesign/fonts/materialdesignicons-webfontd41d.eot]
[www.cetaceanstechlab.com/theme/chatriq/chatriq/dark/dist/css/theme/default-dark-theme.min.css]
[www.cetaceanstechlab.com/theme/chatriq/chatriq/dark-rtl/assets/vendors/shortable/sortable.min.js]
[www.cetaceanstechlab.com/theme/chatriq/chatriq/dark/assets/images/logo.svg]
[www.cetaceanstechlab.com/theme/chatriq/assets/fonts/MaterialDesign/fonts/materialdesignicons-webfont2f9b.woff2]
[www.cetaceanstechlab.com/theme/chatriq/assets/fonts/MaterialDesign/fonts/materialdesignicons-webfont2f9b.woff]
[www.cetaceanstechlab.com/theme/chatriq/assets/fonts/MaterialDesign/fonts/materialdesignicons-webfont2f9b.ttf]
[www.cetaceanstechlab.com/theme/chatriq/chatriq/default/assets/images/user/50/spritesheet.png]
[cdn.jsdelivr.net/npm/slick-carousel@1.8.1/slick/slick.min.js]
[cdn.jsdelivr.net/npm/slick-carousel@1.8.1/slick/slick-2.css]
[www.cetaceanstechlab.com/theme/chatriq/chatriq/default-rtl/assets/vendors/perfect-scrollbar/perfect-scrollbar.css]
[www.cetaceanstechlab.com/theme/chatriq/chatriq/dark/assets/images/user/50/spritesheet.png]
[www.cetaceanstechlab.com/theme/chatriq/chatriq/default-rtl/assets/images/user/50/spritesheet.png]
[www.cetaceanstechlab.com/theme/chatriq/chatriq/default-rtl/dist/css/app.min.css]
[www.cetaceanstechlab.com/theme/chatriq/chatriq/default-rtl/dist/css/theme/default-theme.min.css]
[www.cetaceanstechlab.com/theme/chatriq/chatriq/default-rtl/dist/css/rtl.min.css]
[www.cetaceanstechlab.com/theme/chatriq/chatriq/default-rtl/assets/images/logo.svg]
[cdn.jsdelivr.net/npm/slick-carousel@1.8.1/slick/slick.min-2.js]
[cdn.jsdelivr.net/npm/slick-carousel@1.8.1/slick/slick-3.css]
[www.cetaceanstechlab.com/theme/chatriq/chatriq/dark-rtl/assets/vendors/perfect-scrollbar/perfect-scrollbar.css]
[www.cetaceanstechlab.com/theme/chatriq/chatriq/dark-rtl/dist/css/app.min.css]
[www.cetaceanstechlab.com/theme/chatriq/chatriq/dark-rtl/assets/images/user/50/spritesheet.png]
[www.cetaceanstechlab.com/theme/chatriq/chatriq/dark-rtl/dist/css/theme/default-dark-theme.min.css]
[www.cetaceanstechlab.com/theme/chatriq/chatriq/dark-rtl/dist/css/rtl.min.css]
[www.cetaceanstechlab.com/theme/chatriq/chatriq/dark-rtl/assets/images/logo.svg]
[cdn.jsdelivr.net/npm/slick-carousel@1.8.1/slick/slick.min-3.js]
[www.cetaceanstechlab.com/theme/chatriq/chatriq/default/dist/css/app.css]
[www.cetaceanstechlab.com/theme/chatriq/chatriq/default/dist/css/theme/default-theme.css]
[www.cetaceanstechlab.com/theme/chatriq/chatriq/default/assets/vendors/material-floating-button/dist/mfb.min.css]
[www.cetaceanstechlab.com/theme/chatriq/chatriq/dark/dist/css/app.css]
[www.cetaceanstechlab.com/theme/chatriq/chatriq/dark/dist/css/theme/default-dark-theme.css]
[www.cetaceanstechlab.com/theme/chatriq/chatriq/dark/assets/vendors/material-floating-button/dist/mfb.min.css]
[www.cetaceanstechlab.com/theme/chatriq/chatriq/default-rtl/dist/css/app.css]
[www.cetaceanstechlab.com/theme/chatriq/chatriq/default-rtl/dist/css/theme/default-theme.css]
[www.cetaceanstechlab.com/theme/chatriq/chatriq/default-rtl/assets/vendors/material-floating-button/dist/mfb.min.css]
[www.cetaceanstechlab.com/theme/chatriq/chatriq/dark-rtl/dist/css/app.css]
[www.cetaceanstechlab.com/theme/chatriq/chatriq/dark-rtl/dist/css/theme/default-dark-theme.css]
[www.cetaceanstechlab.com/theme/chatriq/chatriq/dark-rtl/assets/vendors/material-floating-button/dist/mfb.min.css]
[cdn.jsdelivr.net/npm/slick-carousel@1.8.1/slick/slick-4.css]
[cdn.jsdelivr.net/npm/slick-carousel@1.8.1/slick/slick.min-4.js]
[cdn.jsdelivr.net/npm/slick-carousel@1.8.1/slick/slick-5.css]
[cdn.jsdelivr.net/npm/slick-carousel@1.8.1/slick/slick.min-5.js]
[cdn.jsdelivr.net/npm/slick-carousel@1.8.1/slick/slick-6.css]
[cdn.jsdelivr.net/npm/slick-carousel@1.8.1/slick/slick.min-6.js]
[cdn.jsdelivr.net/npm/slick-carousel@1.8.1/slick/slick-7.css]
[cdn.jsdelivr.net/npm/slick-carousel@1.8.1/slick/slick.min-7.js]
[www.cetaceanstechlab.com/theme/chatriq/chatriq/default/assets/images/loader.svg]
[www.cetaceanstechlab.com/theme/chatriq/chatriq/dark/assets/images/loader.svg]
[www.cetaceanstechlab.com/theme/chatriq/chatriq/default-rtl/assets/images/loader.svg]
[www.cetaceanstechlab.com/theme/chatriq/chatriq/dark-rtl/assets/images/loader.svg]
